// Jest Snapshot v1, https://goo.gl/fbAQLP

exports[`Auth Amend form Form should render correctly 1`] = `
<div
  className="sc-iBPRYJ fxpbUf"
>
  <div
    className="sc-fubCfw hUUoLR"
  >
    <form
      noValidate={true}
      onSubmit={[Function]}
    >
      <label
        className="sc-bdfBwQ cNPxt"
        htmlFor="email"
      >
        <span
          className="sc-gsTCUz gZLQFY"
        >
          Email address
        </span>
        <input
          autoComplete="alter-email"
          className="sc-eCssSg gpFOfw"
          defaultValue="john.smith"
          id="email"
          name="email"
          onChange={[Function]}
          spellCheck={false}
          type="email"
        />
      </label>
      <div
        className="sc-pFZIQ eXBPsc"
      >
        <button
          className="sc-jSgupP uAGCs"
          data-qa="amend-button"
          disabled={false}
          type="submit"
        >
          Amend
        </button>
        <button
          className="sc-jSgupP kHYjLo"
          data-qa="cancel-button"
          disabled={false}
          onClick={[Function]}
          type="button"
        >
          Cancel
        </button>
      </div>
    </form>
  </div>
</div>
`;
