// Jest Snapshot v1, https://goo.gl/fbAQLP

exports[`Auth user display no groups - add groups available for admin user should render correctly with user and no groups 1`] = `
<div>
  <div
    className="sc-gKsewC EobHg"
  >
    <div
      className="sc-iBPRYJ eQAjnI"
    >
      <table
        className="sc-jSgupP eofvCY"
        data-qa="user-details"
      >
        <tbody
          className="sc-gsTCUz"
        >
          <tr
            className="sc-eCssSg"
          >
            <th
              className="sc-hKgILt jPnCCV"
            >
              Username
            </th>
            <td
              className="sc-hKgILt ispPLd"
            >
              joesmith
            </td>
            <td
              className="sc-hKgILt ispPLd"
            >
               
            </td>
          </tr>
          <tr
            className="sc-eCssSg"
          >
            <th
              className="sc-hKgILt jPnCCV"
            >
              Name
            </th>
            <td
              className="sc-hKgILt ispPLd"
            >
              Joe
               
              Smith
            </td>
            <td
              className="sc-hKgILt ispPLd"
            >
               
            </td>
          </tr>
          <tr
            className="sc-eCssSg"
          >
            <th
              className="sc-hKgILt jPnCCV"
            >
              Email
            </th>
            <td
              className="sc-hKgILt ispPLd"
            >
              joe.smith@justice.gov.uk
            </td>
            <td
              className="sc-hKgILt ispPLd"
            >
              <a
                className="sc-jrAGrp IehAh"
                data-qa="amend-link"
                href="/manage-auth-users/joesmith/change-email"
                muted={false}
              >
                Change
              </a>
            </td>
          </tr>
          <tr
            className="sc-eCssSg"
          >
            <th
              className="sc-hKgILt jPnCCV"
            >
              Locked
            </th>
            <td
              className="sc-hKgILt ispPLd"
            >
              No
            </td>
            <td
              className="sc-hKgILt ispPLd"
            >
               
            </td>
          </tr>
          <tr
            className="sc-eCssSg"
          >
            <th
              className="sc-hKgILt jPnCCV"
            >
              Enabled
            </th>
            <td
              className="sc-hKgILt ispPLd"
            >
              Yes
            </td>
            <td
              className="sc-hKgILt ispPLd"
            >
              <button
                className="sc-fubCfw fQSkEI"
                data-qa="enable-button"
                disabled={false}
                onClick={[Function]}
                value="joesmith"
              >
                Disable
              </button>
            </td>
          </tr>
          <tr
            className="sc-eCssSg"
          >
            <th
              className="sc-hKgILt jPnCCV"
            >
              Verified
            </th>
            <td
              className="sc-hKgILt ispPLd"
            >
              No
            </td>
            <td
              className="sc-hKgILt ispPLd"
            >
               
            </td>
          </tr>
          <tr
            className="sc-eCssSg"
          >
            <th
              className="sc-hKgILt jPnCCV"
            >
              Last logged in
            </th>
            <td
              className="sc-hKgILt ispPLd"
            >
              2 February 2019 - 12:05:10
            </td>
            <td
              className="sc-hKgILt ispPLd"
            >
               
            </td>
          </tr>
        </tbody>
      </table>
    </div>
  </div>
  <div
    className="sc-gKsewC iDInLL"
  >
    <div
      className="sc-iBPRYJ iogDSD"
    >
      <table
        className="sc-jSgupP eofvCY"
        data-qa="user-roles"
      >
        <tbody
          className="sc-gsTCUz"
        >
          <tr
            className="sc-eCssSg"
          >
            <th
              className="sc-hKgILt jPnCCV"
            >
              Current roles
            </th>
            <th
              className="sc-hKgILt jPnCCV"
            >
               
            </th>
          </tr>
          <tr
            className="sc-eCssSg"
          >
            <td
              className="sc-hKgILt ispPLd"
            >
              No roles found
            </td>
            <td
              className="sc-hKgILt ispPLd"
            >
               
            </td>
          </tr>
        </tbody>
      </table>
    </div>
  </div>
  <div>
    <a
      className="sc-jrAGrp IehAh sc-fubCfw kDqHwc"
      data-qa="add-role-button"
      disabled={false}
      href="/manage-auth-users/joesmith/select-roles"
      muted={false}
    >
      Add role
    </a>
  </div>
  <div
    className="sc-gKsewC iDInLL"
  >
    <div
      className="sc-iBPRYJ iogDSD"
    >
      <table
        className="sc-jSgupP eofvCY"
        data-qa="user-groups"
      >
        <tbody
          className="sc-gsTCUz"
        >
          <tr
            className="sc-eCssSg"
          >
            <th
              className="sc-hKgILt jPnCCV"
            >
              Current groups
            </th>
            <th
              className="sc-hKgILt jPnCCV"
            >
               
            </th>
          </tr>
          <tr
            className="sc-eCssSg"
          >
            <td
              className="sc-hKgILt ispPLd"
            >
              No groups found
            </td>
            <td
              className="sc-hKgILt ispPLd"
            >
               
            </td>
          </tr>
        </tbody>
      </table>
    </div>
  </div>
  <div>
    <a
      className="sc-jrAGrp IehAh sc-fubCfw kDqHwc"
      data-qa="add-group-button"
      disabled={false}
      href="/manage-auth-users/joesmith/select-group"
      muted={false}
    >
      Add group
    </a>
  </div>
</div>
`;

exports[`Auth user display no groups - add groups not available for Group Manager should render correctly with user and no groups 1`] = `
<div>
  <div
    className="sc-gKsewC EobHg"
  >
    <div
      className="sc-iBPRYJ eQAjnI"
    >
      <table
        className="sc-jSgupP eofvCY"
        data-qa="user-details"
      >
        <tbody
          className="sc-gsTCUz"
        >
          <tr
            className="sc-eCssSg"
          >
            <th
              className="sc-hKgILt jPnCCV"
            >
              Username
            </th>
            <td
              className="sc-hKgILt ispPLd"
            >
              joesmith
            </td>
            <td
              className="sc-hKgILt ispPLd"
            >
               
            </td>
          </tr>
          <tr
            className="sc-eCssSg"
          >
            <th
              className="sc-hKgILt jPnCCV"
            >
              Name
            </th>
            <td
              className="sc-hKgILt ispPLd"
            >
              Joe
               
              Smith
            </td>
            <td
              className="sc-hKgILt ispPLd"
            >
               
            </td>
          </tr>
          <tr
            className="sc-eCssSg"
          >
            <th
              className="sc-hKgILt jPnCCV"
            >
              Email
            </th>
            <td
              className="sc-hKgILt ispPLd"
            >
              joe.smith@justice.gov.uk
            </td>
            <td
              className="sc-hKgILt ispPLd"
            >
              <a
                className="sc-jrAGrp IehAh"
                data-qa="amend-link"
                href="/manage-auth-users/joesmith/change-email"
                muted={false}
              >
                Change
              </a>
            </td>
          </tr>
          <tr
            className="sc-eCssSg"
          >
            <th
              className="sc-hKgILt jPnCCV"
            >
              Locked
            </th>
            <td
              className="sc-hKgILt ispPLd"
            >
              No
            </td>
            <td
              className="sc-hKgILt ispPLd"
            >
               
            </td>
          </tr>
          <tr
            className="sc-eCssSg"
          >
            <th
              className="sc-hKgILt jPnCCV"
            >
              Enabled
            </th>
            <td
              className="sc-hKgILt ispPLd"
            >
              Yes
            </td>
            <td
              className="sc-hKgILt ispPLd"
            >
              <button
                className="sc-fubCfw fQSkEI"
                data-qa="enable-button"
                disabled={false}
                onClick={[Function]}
                value="joesmith"
              >
                Disable
              </button>
            </td>
          </tr>
          <tr
            className="sc-eCssSg"
          >
            <th
              className="sc-hKgILt jPnCCV"
            >
              Verified
            </th>
            <td
              className="sc-hKgILt ispPLd"
            >
              No
            </td>
            <td
              className="sc-hKgILt ispPLd"
            >
               
            </td>
          </tr>
          <tr
            className="sc-eCssSg"
          >
            <th
              className="sc-hKgILt jPnCCV"
            >
              Last logged in
            </th>
            <td
              className="sc-hKgILt ispPLd"
            >
              2 February 2019 - 12:05:10
            </td>
            <td
              className="sc-hKgILt ispPLd"
            >
               
            </td>
          </tr>
        </tbody>
      </table>
    </div>
  </div>
  <div
    className="sc-gKsewC iDInLL"
  >
    <div
      className="sc-iBPRYJ iogDSD"
    >
      <table
        className="sc-jSgupP eofvCY"
        data-qa="user-roles"
      >
        <tbody
          className="sc-gsTCUz"
        >
          <tr
            className="sc-eCssSg"
          >
            <th
              className="sc-hKgILt jPnCCV"
            >
              Current roles
            </th>
            <th
              className="sc-hKgILt jPnCCV"
            >
               
            </th>
          </tr>
          <tr
            className="sc-eCssSg"
          >
            <td
              className="sc-hKgILt ispPLd"
            >
              No roles found
            </td>
            <td
              className="sc-hKgILt ispPLd"
            >
               
            </td>
          </tr>
        </tbody>
      </table>
    </div>
  </div>
  <div>
    <a
      className="sc-jrAGrp IehAh sc-fubCfw kDqHwc"
      data-qa="add-role-button"
      disabled={false}
      href="/manage-auth-users/joesmith/select-roles"
      muted={false}
    >
      Add role
    </a>
  </div>
  <div
    className="sc-gKsewC iDInLL"
  >
    <div
      className="sc-iBPRYJ iogDSD"
    >
      <table
        className="sc-jSgupP eofvCY"
        data-qa="user-groups"
      >
        <tbody
          className="sc-gsTCUz"
        >
          <tr
            className="sc-eCssSg"
          >
            <th
              className="sc-hKgILt jPnCCV"
            >
              Current groups
            </th>
            <th
              className="sc-hKgILt jPnCCV"
            >
               
            </th>
          </tr>
          <tr
            className="sc-eCssSg"
          >
            <td
              className="sc-hKgILt ispPLd"
            >
              No groups found
            </td>
            <td
              className="sc-hKgILt ispPLd"
            >
               
            </td>
          </tr>
        </tbody>
      </table>
    </div>
  </div>
  <div>
    <a
      className="sc-jrAGrp IehAh sc-fubCfw kDqHwc"
      data-qa="add-group-button"
      disabled={false}
      href="/manage-auth-users/joesmith/select-group"
      muted={false}
    >
      Add group
    </a>
  </div>
</div>
`;

exports[`Auth user display no roles should render correctly with user and no roles 1`] = `
<div>
  <div
    className="sc-gKsewC EobHg"
  >
    <div
      className="sc-iBPRYJ eQAjnI"
    >
      <table
        className="sc-jSgupP eofvCY"
        data-qa="user-details"
      >
        <tbody
          className="sc-gsTCUz"
        >
          <tr
            className="sc-eCssSg"
          >
            <th
              className="sc-hKgILt jPnCCV"
            >
              Username
            </th>
            <td
              className="sc-hKgILt ispPLd"
            >
              joesmith
            </td>
            <td
              className="sc-hKgILt ispPLd"
            >
               
            </td>
          </tr>
          <tr
            className="sc-eCssSg"
          >
            <th
              className="sc-hKgILt jPnCCV"
            >
              Name
            </th>
            <td
              className="sc-hKgILt ispPLd"
            >
              Joe
               
              Smith
            </td>
            <td
              className="sc-hKgILt ispPLd"
            >
               
            </td>
          </tr>
          <tr
            className="sc-eCssSg"
          >
            <th
              className="sc-hKgILt jPnCCV"
            >
              Email
            </th>
            <td
              className="sc-hKgILt ispPLd"
            >
              joe.smith@justice.gov.uk
            </td>
            <td
              className="sc-hKgILt ispPLd"
            >
              <a
                className="sc-jrAGrp IehAh"
                data-qa="amend-link"
                href="/manage-auth-users/joesmith/change-email"
                muted={false}
              >
                Change
              </a>
            </td>
          </tr>
          <tr
            className="sc-eCssSg"
          >
            <th
              className="sc-hKgILt jPnCCV"
            >
              Locked
            </th>
            <td
              className="sc-hKgILt ispPLd"
            >
              No
            </td>
            <td
              className="sc-hKgILt ispPLd"
            >
               
            </td>
          </tr>
          <tr
            className="sc-eCssSg"
          >
            <th
              className="sc-hKgILt jPnCCV"
            >
              Enabled
            </th>
            <td
              className="sc-hKgILt ispPLd"
            >
              Yes
            </td>
            <td
              className="sc-hKgILt ispPLd"
            >
              <button
                className="sc-fubCfw fQSkEI"
                data-qa="enable-button"
                disabled={false}
                onClick={[Function]}
                value="joesmith"
              >
                Disable
              </button>
            </td>
          </tr>
          <tr
            className="sc-eCssSg"
          >
            <th
              className="sc-hKgILt jPnCCV"
            >
              Verified
            </th>
            <td
              className="sc-hKgILt ispPLd"
            >
              No
            </td>
            <td
              className="sc-hKgILt ispPLd"
            >
               
            </td>
          </tr>
          <tr
            className="sc-eCssSg"
          >
            <th
              className="sc-hKgILt jPnCCV"
            >
              Last logged in
            </th>
            <td
              className="sc-hKgILt ispPLd"
            >
              2 February 2019 - 12:05:10
            </td>
            <td
              className="sc-hKgILt ispPLd"
            >
               
            </td>
          </tr>
        </tbody>
      </table>
    </div>
  </div>
  <div
    className="sc-gKsewC iDInLL"
  >
    <div
      className="sc-iBPRYJ iogDSD"
    >
      <table
        className="sc-jSgupP eofvCY"
        data-qa="user-roles"
      >
        <tbody
          className="sc-gsTCUz"
        >
          <tr
            className="sc-eCssSg"
          >
            <th
              className="sc-hKgILt jPnCCV"
            >
              Current roles
            </th>
            <th
              className="sc-hKgILt jPnCCV"
            >
               
            </th>
          </tr>
          <tr
            className="sc-eCssSg"
          >
            <td
              className="sc-hKgILt ispPLd"
            >
              No roles found
            </td>
            <td
              className="sc-hKgILt ispPLd"
            >
               
            </td>
          </tr>
        </tbody>
      </table>
    </div>
  </div>
  <div>
    <a
      className="sc-jrAGrp IehAh sc-fubCfw kDqHwc"
      data-qa="add-role-button"
      disabled={false}
      href="/manage-auth-users/joesmith/select-roles"
      muted={false}
    >
      Add role
    </a>
  </div>
  <div
    className="sc-gKsewC iDInLL"
  >
    <div
      className="sc-iBPRYJ iogDSD"
    >
      <table
        className="sc-jSgupP eofvCY"
        data-qa="user-groups"
      >
        <tbody
          className="sc-gsTCUz"
        >
          <tr
            className="sc-eCssSg"
          >
            <th
              className="sc-hKgILt jPnCCV"
            >
              Current groups
            </th>
            <th
              className="sc-hKgILt jPnCCV"
            >
               
            </th>
          </tr>
          <tr
            className="sc-eCssSg"
          >
            <td
              className="sc-hKgILt ispPLd"
            >
              No groups found
            </td>
            <td
              className="sc-hKgILt ispPLd"
            >
               
            </td>
          </tr>
        </tbody>
      </table>
    </div>
  </div>
  <div>
    <a
      className="sc-jrAGrp IehAh sc-fubCfw kDqHwc"
      data-qa="add-group-button"
      disabled={false}
      href="/manage-auth-users/joesmith/select-group"
      muted={false}
    >
      Add group
    </a>
  </div>
</div>
`;

exports[`Auth user display should render correctly with user roles and groups - add groups available for admin user 1`] = `
<div>
  <div
    className="sc-gKsewC EobHg"
  >
    <div
      className="sc-iBPRYJ eQAjnI"
    >
      <table
        className="sc-jSgupP eofvCY"
        data-qa="user-details"
      >
        <tbody
          className="sc-gsTCUz"
        >
          <tr
            className="sc-eCssSg"
          >
            <th
              className="sc-hKgILt jPnCCV"
            >
              Username
            </th>
            <td
              className="sc-hKgILt ispPLd"
            >
              joesmith
            </td>
            <td
              className="sc-hKgILt ispPLd"
            >
               
            </td>
          </tr>
          <tr
            className="sc-eCssSg"
          >
            <th
              className="sc-hKgILt jPnCCV"
            >
              Name
            </th>
            <td
              className="sc-hKgILt ispPLd"
            >
              Joe
               
              Smith
            </td>
            <td
              className="sc-hKgILt ispPLd"
            >
               
            </td>
          </tr>
          <tr
            className="sc-eCssSg"
          >
            <th
              className="sc-hKgILt jPnCCV"
            >
              Email
            </th>
            <td
              className="sc-hKgILt ispPLd"
            >
              joe.smith@justice.gov.uk
            </td>
            <td
              className="sc-hKgILt ispPLd"
            >
              <a
                className="sc-jrAGrp IehAh"
                data-qa="amend-link"
                href="/manage-auth-users/joesmith/change-email"
                muted={false}
              >
                Change
              </a>
            </td>
          </tr>
          <tr
            className="sc-eCssSg"
          >
            <th
              className="sc-hKgILt jPnCCV"
            >
              Locked
            </th>
            <td
              className="sc-hKgILt ispPLd"
            >
              No
            </td>
            <td
              className="sc-hKgILt ispPLd"
            >
               
            </td>
          </tr>
          <tr
            className="sc-eCssSg"
          >
            <th
              className="sc-hKgILt jPnCCV"
            >
              Enabled
            </th>
            <td
              className="sc-hKgILt ispPLd"
            >
              Yes
            </td>
            <td
              className="sc-hKgILt ispPLd"
            >
              <button
                className="sc-fubCfw fQSkEI"
                data-qa="enable-button"
                disabled={false}
                onClick={[Function]}
                value="joesmith"
              >
                Disable
              </button>
            </td>
          </tr>
          <tr
            className="sc-eCssSg"
          >
            <th
              className="sc-hKgILt jPnCCV"
            >
              Verified
            </th>
            <td
              className="sc-hKgILt ispPLd"
            >
              Yes
            </td>
            <td
              className="sc-hKgILt ispPLd"
            >
               
            </td>
          </tr>
          <tr
            className="sc-eCssSg"
          >
            <th
              className="sc-hKgILt jPnCCV"
            >
              Last logged in
            </th>
            <td
              className="sc-hKgILt ispPLd"
            >
              2 February 2019 - 12:05:10
            </td>
            <td
              className="sc-hKgILt ispPLd"
            >
               
            </td>
          </tr>
        </tbody>
      </table>
    </div>
  </div>
  <div
    className="sc-gKsewC iDInLL"
  >
    <div
      className="sc-iBPRYJ iogDSD"
    >
      <table
        className="sc-jSgupP eofvCY"
        data-qa="user-roles"
      >
        <tbody
          className="sc-gsTCUz"
        >
          <tr
            className="sc-eCssSg"
          >
            <th
              className="sc-hKgILt jPnCCV"
            >
              Current roles
            </th>
            <th
              className="sc-hKgILt jPnCCV"
            >
               
            </th>
          </tr>
          <tr
            className="sc-eCssSg"
          >
            <td
              className="sc-hKgILt ispPLd"
            >
              Role A
            </td>
            <td
              className="sc-hKgILt knnxum"
            >
              <button
                className="sc-fubCfw fQSkEI"
                data-qa="remove-button-roleA"
                disabled={false}
                onClick={[Function]}
                value="roleA"
              >
                Remove
              </button>
            </td>
          </tr>
          <tr
            className="sc-eCssSg"
          >
            <td
              className="sc-hKgILt ispPLd"
            >
              Role B
            </td>
            <td
              className="sc-hKgILt knnxum"
            >
              <button
                className="sc-fubCfw fQSkEI"
                data-qa="remove-button-roleB"
                disabled={false}
                onClick={[Function]}
                value="roleB"
              >
                Remove
              </button>
            </td>
          </tr>
        </tbody>
      </table>
    </div>
  </div>
  <div>
    <a
      className="sc-jrAGrp IehAh sc-fubCfw kDqHwc"
      data-qa="add-role-button"
      disabled={false}
      href="/manage-auth-users/joesmith/select-roles"
      muted={false}
    >
      Add role
    </a>
  </div>
  <div
    className="sc-gKsewC iDInLL"
  >
    <div
      className="sc-iBPRYJ iogDSD"
    >
      <table
        className="sc-jSgupP eofvCY"
        data-qa="user-groups"
      >
        <tbody
          className="sc-gsTCUz"
        >
          <tr
            className="sc-eCssSg"
          >
            <th
              className="sc-hKgILt jPnCCV"
            >
              Current groups
            </th>
            <th
              className="sc-hKgILt jPnCCV"
            >
               
            </th>
          </tr>
          <tr
            className="sc-eCssSg"
          >
            <td
              className="sc-hKgILt ispPLd"
            >
              Group 1
            </td>
            <td
              className="sc-hKgILt knnxum"
            >
              <button
                className="sc-fubCfw fQSkEI"
                data-qa="remove-button-group1"
                disabled={false}
                onClick={[Function]}
                value="group1"
              >
                Remove
              </button>
            </td>
          </tr>
          <tr
            className="sc-eCssSg"
          >
            <td
              className="sc-hKgILt ispPLd"
            >
              Group 2
            </td>
            <td
              className="sc-hKgILt knnxum"
            >
              <button
                className="sc-fubCfw fQSkEI"
                data-qa="remove-button-group2"
                disabled={false}
                onClick={[Function]}
                value="group2"
              >
                Remove
              </button>
            </td>
          </tr>
        </tbody>
      </table>
    </div>
  </div>
  <div>
    <a
      className="sc-jrAGrp IehAh sc-fubCfw kDqHwc"
      data-qa="add-group-button"
      disabled={false}
      href="/manage-auth-users/joesmith/select-group"
      muted={false}
    >
      Add group
    </a>
  </div>
</div>
`;

exports[`Auth user display should render correctly with user roles and groups - add groups not available for Group Manager 1`] = `
<div>
  <div
    className="sc-gKsewC EobHg"
  >
    <div
      className="sc-iBPRYJ eQAjnI"
    >
      <table
        className="sc-jSgupP eofvCY"
        data-qa="user-details"
      >
        <tbody
          className="sc-gsTCUz"
        >
          <tr
            className="sc-eCssSg"
          >
            <th
              className="sc-hKgILt jPnCCV"
            >
              Username
            </th>
            <td
              className="sc-hKgILt ispPLd"
            >
              joesmith
            </td>
            <td
              className="sc-hKgILt ispPLd"
            >
               
            </td>
          </tr>
          <tr
            className="sc-eCssSg"
          >
            <th
              className="sc-hKgILt jPnCCV"
            >
              Name
            </th>
            <td
              className="sc-hKgILt ispPLd"
            >
              Joe
               
              Smith
            </td>
            <td
              className="sc-hKgILt ispPLd"
            >
               
            </td>
          </tr>
          <tr
            className="sc-eCssSg"
          >
            <th
              className="sc-hKgILt jPnCCV"
            >
              Email
            </th>
            <td
              className="sc-hKgILt ispPLd"
            >
              joe.smith@justice.gov.uk
            </td>
            <td
              className="sc-hKgILt ispPLd"
            >
              <a
                className="sc-jrAGrp IehAh"
                data-qa="amend-link"
                href="/manage-auth-users/joesmith/change-email"
                muted={false}
              >
                Change
              </a>
            </td>
          </tr>
          <tr
            className="sc-eCssSg"
          >
            <th
              className="sc-hKgILt jPnCCV"
            >
              Locked
            </th>
            <td
              className="sc-hKgILt ispPLd"
            >
              No
            </td>
            <td
              className="sc-hKgILt ispPLd"
            >
               
            </td>
          </tr>
          <tr
            className="sc-eCssSg"
          >
            <th
              className="sc-hKgILt jPnCCV"
            >
              Enabled
            </th>
            <td
              className="sc-hKgILt ispPLd"
            >
              Yes
            </td>
            <td
              className="sc-hKgILt ispPLd"
            >
              <button
                className="sc-fubCfw fQSkEI"
                data-qa="enable-button"
                disabled={false}
                onClick={[Function]}
                value="joesmith"
              >
                Disable
              </button>
            </td>
          </tr>
          <tr
            className="sc-eCssSg"
          >
            <th
              className="sc-hKgILt jPnCCV"
            >
              Verified
            </th>
            <td
              className="sc-hKgILt ispPLd"
            >
              Yes
            </td>
            <td
              className="sc-hKgILt ispPLd"
            >
               
            </td>
          </tr>
          <tr
            className="sc-eCssSg"
          >
            <th
              className="sc-hKgILt jPnCCV"
            >
              Last logged in
            </th>
            <td
              className="sc-hKgILt ispPLd"
            >
              2 February 2019 - 12:05:10
            </td>
            <td
              className="sc-hKgILt ispPLd"
            >
               
            </td>
          </tr>
        </tbody>
      </table>
    </div>
  </div>
  <div
    className="sc-gKsewC iDInLL"
  >
    <div
      className="sc-iBPRYJ iogDSD"
    >
      <table
        className="sc-jSgupP eofvCY"
        data-qa="user-roles"
      >
        <tbody
          className="sc-gsTCUz"
        >
          <tr
            className="sc-eCssSg"
          >
            <th
              className="sc-hKgILt jPnCCV"
            >
              Current roles
            </th>
            <th
              className="sc-hKgILt jPnCCV"
            >
               
            </th>
          </tr>
          <tr
            className="sc-eCssSg"
          >
            <td
              className="sc-hKgILt ispPLd"
            >
              Role A
            </td>
            <td
              className="sc-hKgILt knnxum"
            >
              <button
                className="sc-fubCfw fQSkEI"
                data-qa="remove-button-roleA"
                disabled={false}
                onClick={[Function]}
                value="roleA"
              >
                Remove
              </button>
            </td>
          </tr>
          <tr
            className="sc-eCssSg"
          >
            <td
              className="sc-hKgILt ispPLd"
            >
              Role B
            </td>
            <td
              className="sc-hKgILt knnxum"
            >
              <button
                className="sc-fubCfw fQSkEI"
                data-qa="remove-button-roleB"
                disabled={false}
                onClick={[Function]}
                value="roleB"
              >
                Remove
              </button>
            </td>
          </tr>
        </tbody>
      </table>
    </div>
  </div>
  <div>
    <a
      className="sc-jrAGrp IehAh sc-fubCfw kDqHwc"
      data-qa="add-role-button"
      disabled={false}
      href="/manage-auth-users/joesmith/select-roles"
      muted={false}
    >
      Add role
    </a>
  </div>
  <div
    className="sc-gKsewC iDInLL"
  >
    <div
      className="sc-iBPRYJ iogDSD"
    >
      <table
        className="sc-jSgupP eofvCY"
        data-qa="user-groups"
      >
        <tbody
          className="sc-gsTCUz"
        >
          <tr
            className="sc-eCssSg"
          >
            <th
              className="sc-hKgILt jPnCCV"
            >
              Current groups
            </th>
            <th
              className="sc-hKgILt jPnCCV"
            >
               
            </th>
          </tr>
          <tr
            className="sc-eCssSg"
          >
            <td
              className="sc-hKgILt ispPLd"
            >
              Group 1
            </td>
            <td
              className="sc-hKgILt knnxum"
            />
          </tr>
          <tr
            className="sc-eCssSg"
          >
            <td
              className="sc-hKgILt ispPLd"
            >
              Group 2
            </td>
            <td
              className="sc-hKgILt knnxum"
            />
          </tr>
        </tbody>
      </table>
    </div>
  </div>
</div>
`;
