// Jest Snapshot v1, https://goo.gl/fbAQLP

exports[`<AdminUtilitiesContainer /> should render the Manage user accounts page 1`] = `
Array [
  <div
    className="sc-fzozJi kmnVrx"
  >
    <ul
      className="sc-fzoLsD iIyIpF"
    >
      <li
        className="sc-fzpans hFMplx"
      >
        <a
          data-qa="breadcrumb-home-page-link"
          href=""
        >
          Home
        </a>
      </li>
      <li
        className="sc-fzpans hFMplx"
      >
        <span>
          Manage user accounts
        </span>
      </li>
    </ul>
  </div>,
  <div
    className="sc-AxmLO lcDemq"
  >
    
    <h1
      className="sc-AxjAm cDEtdP"
      size="LARGE"
    >
      Manage user accounts
    </h1>
    <div
      className="page-content"
    >
      <div
        className="sc-fzplWN iUslJo"
      >
        <div
          className="sc-fznyAO hgfQjo"
        >
          <a
            className="link"
            href="/maintain-roles"
            id="maintain_roles_link"
            onClick={[Function]}
            title="Manage user roles"
          >
            Manage user roles
          </a>
        </div>
        <div
          className="sc-fznyAO hgfQjo"
        >
          <a
            className="link"
            href="/maintain-auth-users"
            id="maintain_auth_users_link"
            onClick={[Function]}
            title="Maintain auth users"
          >
            Maintain auth users
          </a>
          <div>
            Maintain users that do not exist in NOMIS, only in auth.
          </div>
        </div>
        <div
          className="sc-fznyAO hgfQjo"
        >
          <a
            className="link"
            href="/create-auth-user"
            id="create_auth_user_link"
            onClick={[Function]}
            title="Create auth users"
          >
            Create auth users
          </a>
          <div>
            Create user in auth (not in NOMIS).
          </div>
        </div>
      </div>
    </div>
  </div>,
]
`;
