// Jest Snapshot v1, https://goo.gl/fbAQLP

exports[`<AdminUtilitiesContainer /> should render the Manage user accounts page 1`] = `
Array [
  <div
    className="sc-pNWxx hOhWsN"
  >
    <ul
      className="sc-jrsJCI jeYrRt"
    >
      <li
        className="sc-kEqYlL jBmNmc"
      >
        <a
          data-qa="breadcrumb-home-page-link"
          href=""
        >
          Home
        </a>
      </li>
      <li
        className="sc-kEqYlL jBmNmc"
      >
        <a
          data-qa="breadcrumb-menu-page-link"
          href="/"
        >
          Manage user accounts
        </a>
      </li>
      <li
        className="sc-kEqYlL jBmNmc"
      />
    </ul>
  </div>,
  <div
    className="sc-fujyUd ktihRL"
  >
    
    <h1
      className="sc-bdnylx fnsaEG"
      size="LARGE"
    >
      Manage user accounts
    </h1>
    <div
      className="page-content"
    >
      <div
        className="sc-iqAbSa huHpTP"
      >
        <div
          className="sc-crzoUp fxfhQz"
        >
          <a
            className="link"
            href="/maintain-roles"
            id="maintain_roles_link"
            onClick={[Function]}
            title="Manage user roles"
          >
            Manage user roles
          </a>
        </div>
        <div
          className="sc-crzoUp fxfhQz"
        >
          <a
            className="link"
            href="/maintain-auth-users"
            id="maintain_auth_users_link"
            onClick={[Function]}
            title="Maintain auth users"
          >
            Maintain auth users
          </a>
          <div>
            Maintain users that do not exist in NOMIS, only in auth.
          </div>
        </div>
        <div
          className="sc-crzoUp fxfhQz"
        >
          <a
            className="link"
            href="/create-auth-user"
            id="create_auth_user_link"
            onClick={[Function]}
            title="Create auth users"
          >
            Create auth users
          </a>
          <div>
            Create user in auth (not in NOMIS).
          </div>
        </div>
      </div>
    </div>
  </div>,
]
`;
